// Jest Snapshot v1, https://goo.gl/fbAQLP

exports[`App should match the snapshot 1`] = `
<div
  className="App"
>
  <Connect(NavBar) />
  <div
    className="error-container"
  >
    <h2
      className="error"
    />
  </div>
  <Route
    exact={true}
    path="/"
    render={[Function]}
  />
  <Route
    component={
      Object {
        "$$typeof": Symbol(react.memo),
        "WrappedComponent": [Function],
        "compare": null,
        "displayName": "Connect(MovieInfo)",
        "type": [Function],
      }
    }
    exact={true}
    path="/movies/:id"
  />
  <Route
    exact={true}
    path="/favorites"
    render={[Function]}
  />
  <Route
    exact={true}
    path="/login"
    render={[Function]}
  />
  <Route
    exact={true}
    path="/new-user"
    render={[Function]}
  />
</div>
`;
